保存-工作区-暂存区-仓库
git status: 
    工作区 有变化 红色提示；
    暂存区 有变化 绿色提示；
    提交到仓库 提示 working tree clean.

查看状态前，要保证 文件 被保存过了。

1. 创建了t2.txt 空文件

2. 查看状态
工作区有了 t2.txt 
D:\pyj\st\tt>git status
On branch master
Untracked files:
  (use "git add <file>..." to include in what will be committed)
        t2.txt #红色表示

nothing added to commit but untracked files present (use "git add" to track)

3. 从工作区 增加  到暂存区 ： 无输出
D:\pyj\st\tt>git add .

4. 查看状态： t2.txt 用绿色表示
D:\pyj\st\tt>git status
On branch master
Changes to be committed:
  (use "git restore --staged <file>..." to unstage)
        new file:   t2.txt #绿色表示

5. 从暂存区 提交 到暂存区： 说明中使用了空格 报错
D:\pyj\st\tt>git commit -m'第三次提交 新增t2.txt文件'
error: pathspec '新增t2.txt文件'' did not match any file(s) known to git

6. 从暂存区 提交 到暂存区
D:\pyj\st\tt>git commit -m'第三次提交新增t2.txt文件'
[master 5d735b9] '第三次提交新增t2.txt文件'
 1 file changed, 0 insertions(+), 0 deletions(-)
 create mode 100644 t2.txt

7. 查看状态：working tree clean 工作区是干净的 因为 输入这些文字的时候 还没保存
D:\pyj\st\tt>git status
On branch master
nothing to commit, working tree clean

8. 保存后，再查看状态：工作区 有了更改，红色提示。
D:\pyj\st\tt>git status
On branch master
Changes not staged for commit:
  (use "git add <file>..." to update what will be committed)
  (use "git restore <file>..." to discard changes in working directory)
        modified:   t2.txt #红色表示

no changes added to commit (use "git add" and/or "git commit -a")

